#-----------------------------------------------------------
# Vivado v2024.1 (64-bit)
# SW Build 5076996 on Wed May 22 18:36:09 MDT 2024
# IP Build 5075265 on Wed May 22 21:45:21 MDT 2024
# SharedData Build 5076995 on Wed May 22 18:29:18 MDT 2024
# Start of session at: Sat Feb  8 15:59:02 2025
# Process ID: 35162
# Current directory: /home/jzmoolman/src/_-languages/Getting started with FPGAs/project_2_v2/vivado/vivado.runs/synth_1
# Command line: vivado -log and_gate_project.vds -product Vivado -mode batch -messageDb vivado.pb -notrace -source and_gate_project.tcl
# Log file: /home/jzmoolman/src/_-languages/Getting started with FPGAs/project_2_v2/vivado/vivado.runs/synth_1/and_gate_project.vds
# Journal file: /home/jzmoolman/src/_-languages/Getting started with FPGAs/project_2_v2/vivado/vivado.runs/synth_1/vivado.jou
# Running On        :jzmoolman-thinkpad
# Platform          :Linuxmint
# Operating System  :LMDE 6 (faye)
# Processor Detail  :12th Gen Intel(R) Core(TM) i7-12700H
# CPU Frequency     :3489.294 MHz
# CPU Physical cores:14
# CPU Logical cores :20
# Host memory       :16450 MB
# Swap memory       :8799 MB
# Total Virtual     :25250 MB
# Available Virtual :20343 MB
#-----------------------------------------------------------
source and_gate_project.tcl -notrace
